// Jest Snapshot v1, https://goo.gl/fbAQLP

exports[`renders Header  1`] = `
<div
  className="MuiBox-root css-i9gxme"
>
  <div
    className="MuiGrid-root MuiGrid-container MuiGrid-spacing-xs-2 css-mhc70k-MuiGrid-root"
  >
    <div
      className="MuiGrid-root MuiGrid-item MuiGrid-grid-xs-8 css-vok43g-MuiGrid-root"
    >
      <div
        className="heading"
      >
        testheading
      </div>
      <div
        className="subheading"
      >
        testsubheading
      </div>
    </div>
    <div
      className="MuiGrid-root MuiGrid-item MuiGrid-grid-xs-4 css-gj1fbr-MuiGrid-root"
    >
      <div
        className="listcount"
      >
        7
      </div>
    </div>
  </div>
</div>
`;
